[    6455ms] [ERROR] Failed to load resource: the server responded with a status of 500 (Internal Server Error) @ http://localhost:4455/en/tools/ats-checker:0
[   13076ms] [WARNING] Image with src "/logo.png" has either width or height modified, but not the other. If you use CSS to change the size of your image, also include the styles 'width: "auto"' or 'height: "auto"' to maintain the aspect ratio. @ http://localhost:4455/_next/static/chunks/41356_next_dist_bdce7b59._.js:2297
[  309206ms] [WARNING] Image with src "/logo.png" has either width or height modified, but not the other. If you use CSS to change the size of your image, also include the styles 'width: "auto"' or 'height: "auto"' to maintain the aspect ratio. @ http://localhost:4455/_next/static/chunks/41356_next_dist_bdce7b59._.js:2297
[  311341ms] [WARNING] Detected `scroll-behavior: smooth` on the `<html>` element. To disable smooth scrolling during route transitions, add `data-scroll-behavior="smooth"` to your <html> element. Learn more: https://nextjs.org/docs/messages/missing-data-scroll-behavior @ http://localhost:4455/_next/static/chunks/41356_next_dist_bdce7b59._.js:2297
[ 1544266ms] [ERROR] IntlError: MISSING_MESSAGE: Could not resolve `AtsChecker.tool.uploadBtn` in messages for locale `en`.
    at getFallbackFromErrorAndNotify (http://localhost:4455/_next/static/chunks/41356_5a0bc845._.js:4794:23)
    at translateBaseFn (http://localhost:4455/_next/static/chunks/41356_5a0bc845._.js:4824:28)
    at translateFn (http://localhost:4455/_next/static/chunks/41356_5a0bc845._.js:4886:24)
    at ATSCheckerPage (http://localhost:4455/_next/static/chunks/Documents_Test_AI_AI-Resume-Builder_frontend_a56fb98e._.js?id=%255Bproject%255D%252FDocuments%252FTest%252FAI%252FAI-Resume-Builder%252Ffrontend%252Fapp%252F%255Blocale%255D%252Ftools%252Fats-checker%252Fpage.tsx+%255Bapp-client%255D+%2528ecmascript%2529:584:61)
    at Object.react_stack_bottom_frame (http://localhost:4455/_next/static/chunks/41356_next_dist_compiled_react-dom_fff4b597._.js:14826:24)
    at renderWithHooks (http://localhost:4455/_next/static/chunks/41356_next_dist_compiled_react-dom_fff4b597._.js:4651:24)
    at updateFunctionComponent (http://localhost:4455/_next/static/chunks/41356_next_dist_compiled_react-dom_fff4b597._.js:6112:21)
    at beginWork (http://localhost:4455/_next/static/chunks/41356_next_dist_compiled_react-dom_fff4b597._.js:6708:24)
    at runWithFiberInDEV (http://localhost:4455/_next/static/chunks/41356_next_dist_compiled_react-dom_fff4b597._.js:965:74)
    at performUnitOfWork (http://localhost:4455/_next/static/chunks/41356_next_dist_compiled_react-dom_fff4b597._.js:9562:97)
    at workLoopSync (http://localhost:4455/_next/static/chunks/41356_next_dist_compiled_react-dom_fff4b597._.js:9456:40)
    at renderRootSync (http://localhost:4455/_next/static/chunks/41356_next_dist_compiled_react-dom_fff4b597._.js:9440:13)
    at performWorkOnRoot (http://localhost:4455/_next/static/chunks/41356_next_dist_compiled_react-dom_fff4b597._.js:9068:186)
    at performSyncWorkOnRoot (http://localhost:4455/_next/static/chunks/41356_next_dist_compiled_react-dom_fff4b597._.js:10238:9)
    at flushSyncWorkAcrossRoots_impl (http://localhost:4455/_next/static/chunks/41356_next_dist_compiled_react-dom_fff4b597._.js:10154:316)
    at flushSyncWork$1 (http://localhost:4455/_next/static/chunks/41356_next_dist_compiled_react-dom_fff4b597._.js:9237:86)
    at Object.scheduleRefresh (http://localhost:4455/_next/static/chunks/41356_next_dist_compiled_react-dom_fff4b597._.js:299:13)
    at http://localhost:4455/_next/static/chunks/41356_next_dist_compiled_31ee47d2._.js:391:33
    at Set.forEach (<anonymous>)
    at Object.performReactRefresh (http://localhost:4455/_next/static/chunks/41356_next_dist_compiled_31ee47d2._.js:384:38)
    at applyUpdate (http://localhost:4455/_next/static/chunks/41356_next_dist_compiled_31ee47d2._.js:878:31)
    at http://localhost:4455/_next/static/chunks/41356_next_dist_compiled_31ee47d2._.js:886:13 @ http://localhost:4455/_next/static/chunks/41356_next_dist_bdce7b59._.js:3127
[ 1544325ms] [ERROR] IntlError: MISSING_MESSAGE: Could not resolve `AtsChecker.tool.formats` in messages for locale `en`.
    at getFallbackFromErrorAndNotify (http://localhost:4455/_next/static/chunks/41356_5a0bc845._.js:4794:23)
    at translateBaseFn (http://localhost:4455/_next/static/chunks/41356_5a0bc845._.js:4824:28)
    at translateFn (http://localhost:4455/_next/static/chunks/41356_5a0bc845._.js:4886:24)
    at ATSCheckerPage (http://localhost:4455/_next/static/chunks/Documents_Test_AI_AI-Resume-Builder_frontend_a56fb98e._.js?id=%255Bproject%255D%252FDocuments%252FTest%252FAI%252FAI-Resume-Builder%252Ffrontend%252Fapp%252F%255Blocale%255D%252Ftools%252Fats-checker%252Fpage.tsx+%255Bapp-client%255D+%2528ecmascript%2529:593:67)
    at Object.react_stack_bottom_frame (http://localhost:4455/_next/static/chunks/41356_next_dist_compiled_react-dom_fff4b597._.js:14826:24)
    at renderWithHooks (http://localhost:4455/_next/static/chunks/41356_next_dist_compiled_react-dom_fff4b597._.js:4651:24)
    at updateFunctionComponent (http://localhost:4455/_next/static/chunks/41356_next_dist_compiled_react-dom_fff4b597._.js:6112:21)
    at beginWork (http://localhost:4455/_next/static/chunks/41356_next_dist_compiled_react-dom_fff4b597._.js:6708:24)
    at runWithFiberInDEV (http://localhost:4455/_next/static/chunks/41356_next_dist_compiled_react-dom_fff4b597._.js:965:74)
    at performUnitOfWork (http://localhost:4455/_next/static/chunks/41356_next_dist_compiled_react-dom_fff4b597._.js:9562:97)
    at workLoopSync (http://localhost:4455/_next/static/chunks/41356_next_dist_compiled_react-dom_fff4b597._.js:9456:40)
    at renderRootSync (http://localhost:4455/_next/static/chunks/41356_next_dist_compiled_react-dom_fff4b597._.js:9440:13)
    at performWorkOnRoot (http://localhost:4455/_next/static/chunks/41356_next_dist_compiled_react-dom_fff4b597._.js:9068:186)
    at performSyncWorkOnRoot (http://localhost:4455/_next/static/chunks/41356_next_dist_compiled_react-dom_fff4b597._.js:10238:9)
    at flushSyncWorkAcrossRoots_impl (http://localhost:4455/_next/static/chunks/41356_next_dist_compiled_react-dom_fff4b597._.js:10154:316)
    at flushSyncWork$1 (http://localhost:4455/_next/static/chunks/41356_next_dist_compiled_react-dom_fff4b597._.js:9237:86)
    at Object.scheduleRefresh (http://localhost:4455/_next/static/chunks/41356_next_dist_compiled_react-dom_fff4b597._.js:299:13)
    at http://localhost:4455/_next/static/chunks/41356_next_dist_compiled_31ee47d2._.js:391:33
    at Set.forEach (<anonymous>)
    at Object.performReactRefresh (http://localhost:4455/_next/static/chunks/41356_next_dist_compiled_31ee47d2._.js:384:38)
    at applyUpdate (http://localhost:4455/_next/static/chunks/41356_next_dist_compiled_31ee47d2._.js:878:31)
    at http://localhost:4455/_next/static/chunks/41356_next_dist_compiled_31ee47d2._.js:886:13 @ http://localhost:4455/_next/static/chunks/41356_next_dist_bdce7b59._.js:3127
[ 1544367ms] [ERROR] IntlError: MISSING_MESSAGE: Could not resolve `AtsChecker.tool.uploadBtn` in messages for locale `en`.
    at getFallbackFromErrorAndNotify (http://localhost:4455/_next/static/chunks/41356_5a0bc845._.js:4794:23)
    at translateBaseFn (http://localhost:4455/_next/static/chunks/41356_5a0bc845._.js:4824:28)
    at translateFn (http://localhost:4455/_next/static/chunks/41356_5a0bc845._.js:4886:24)
    at ATSCheckerPage (http://localhost:4455/_next/static/chunks/Documents_Test_AI_AI-Resume-Builder_frontend_a56fb98e._.js?id=%255Bproject%255D%252FDocuments%252FTest%252FAI%252FAI-Resume-Builder%252Ffrontend%252Fapp%252F%255Blocale%255D%252Ftools%252Fats-checker%252Fpage.tsx+%255Bapp-client%255D+%2528ecmascript%2529:584:61)
    at Object.react_stack_bottom_frame (http://localhost:4455/_next/static/chunks/41356_next_dist_compiled_react-dom_fff4b597._.js:14826:24)
    at renderWithHooksAgain (http://localhost:4455/_next/static/chunks/41356_next_dist_compiled_react-dom_fff4b597._.js:4706:24)
    at renderWithHooks (http://localhost:4455/_next/static/chunks/41356_next_dist_compiled_react-dom_fff4b597._.js:4657:28)
    at updateFunctionComponent (http://localhost:4455/_next/static/chunks/41356_next_dist_compiled_react-dom_fff4b597._.js:6112:21)
    at beginWork (http://localhost:4455/_next/static/chunks/41356_next_dist_compiled_react-dom_fff4b597._.js:6708:24)
    at runWithFiberInDEV (http://localhost:4455/_next/static/chunks/41356_next_dist_compiled_react-dom_fff4b597._.js:965:74)
    at performUnitOfWork (http://localhost:4455/_next/static/chunks/41356_next_dist_compiled_react-dom_fff4b597._.js:9562:97)
    at workLoopSync (http://localhost:4455/_next/static/chunks/41356_next_dist_compiled_react-dom_fff4b597._.js:9456:40)
    at renderRootSync (http://localhost:4455/_next/static/chunks/41356_next_dist_compiled_react-dom_fff4b597._.js:9440:13)
    at performWorkOnRoot (http://localhost:4455/_next/static/chunks/41356_next_dist_compiled_react-dom_fff4b597._.js:9068:186)
    at performSyncWorkOnRoot (http://localhost:4455/_next/static/chunks/41356_next_dist_compiled_react-dom_fff4b597._.js:10238:9)
    at flushSyncWorkAcrossRoots_impl (http://localhost:4455/_next/static/chunks/41356_next_dist_compiled_react-dom_fff4b597._.js:10154:316)
    at flushSyncWork$1 (http://localhost:4455/_next/static/chunks/41356_next_dist_compiled_react-dom_fff4b597._.js:9237:86)
    at Object.scheduleRefresh (http://localhost:4455/_next/static/chunks/41356_next_dist_compiled_react-dom_fff4b597._.js:299:13)
    at http://localhost:4455/_next/static/chunks/41356_next_dist_compiled_31ee47d2._.js:391:33
    at Set.forEach (<anonymous>)
    at Object.performReactRefresh (http://localhost:4455/_next/static/chunks/41356_next_dist_compiled_31ee47d2._.js:384:38)
    at applyUpdate (http://localhost:4455/_next/static/chunks/41356_next_dist_compiled_31ee47d2._.js:878:31)
    at http://localhost:4455/_next/static/chunks/41356_next_dist_compiled_31ee47d2._.js:886:13 @ http://localhost:4455/_next/static/chunks/41356_next_dist_bdce7b59._.js:3127
[ 1544369ms] [ERROR] IntlError: MISSING_MESSAGE: Could not resolve `AtsChecker.tool.formats` in messages for locale `en`.
    at getFallbackFromErrorAndNotify (http://localhost:4455/_next/static/chunks/41356_5a0bc845._.js:4794:23)
    at translateBaseFn (http://localhost:4455/_next/static/chunks/41356_5a0bc845._.js:4824:28)
    at translateFn (http://localhost:4455/_next/static/chunks/41356_5a0bc845._.js:4886:24)
    at ATSCheckerPage (http://localhost:4455/_next/static/chunks/Documents_Test_AI_AI-Resume-Builder_frontend_a56fb98e._.js?id=%255Bproject%255D%252FDocuments%252FTest%252FAI%252FAI-Resume-Builder%252Ffrontend%252Fapp%252F%255Blocale%255D%252Ftools%252Fats-checker%252Fpage.tsx+%255Bapp-client%255D+%2528ecmascript%2529:593:67)
    at Object.react_stack_bottom_frame (http://localhost:4455/_next/static/chunks/41356_next_dist_compiled_react-dom_fff4b597._.js:14826:24)
    at renderWithHooksAgain (http://localhost:4455/_next/static/chunks/41356_next_dist_compiled_react-dom_fff4b597._.js:4706:24)
    at renderWithHooks (http://localhost:4455/_next/static/chunks/41356_next_dist_compiled_react-dom_fff4b597._.js:4657:28)
    at updateFunctionComponent (http://localhost:4455/_next/static/chunks/41356_next_dist_compiled_react-dom_fff4b597._.js:6112:21)
    at beginWork (http://localhost:4455/_next/static/chunks/41356_next_dist_compiled_react-dom_fff4b597._.js:6708:24)
    at runWithFiberInDEV (http://localhost:4455/_next/static/chunks/41356_next_dist_compiled_react-dom_fff4b597._.js:965:74)
    at performUnitOfWork (http://localhost:4455/_next/static/chunks/41356_next_dist_compiled_react-dom_fff4b597._.js:9562:97)
    at workLoopSync (http://localhost:4455/_next/static/chunks/41356_next_dist_compiled_react-dom_fff4b597._.js:9456:40)
    at renderRootSync (http://localhost:4455/_next/static/chunks/41356_next_dist_compiled_react-dom_fff4b597._.js:9440:13)
    at performWorkOnRoot (http://localhost:4455/_next/static/chunks/41356_next_dist_compiled_react-dom_fff4b597._.js:9068:186)
    at performSyncWorkOnRoot (http://localhost:4455/_next/static/chunks/41356_next_dist_compiled_react-dom_fff4b597._.js:10238:9)
    at flushSyncWorkAcrossRoots_impl (http://localhost:4455/_next/static/chunks/41356_next_dist_compiled_react-dom_fff4b597._.js:10154:316)
    at flushSyncWork$1 (http://localhost:4455/_next/static/chunks/41356_next_dist_compiled_react-dom_fff4b597._.js:9237:86)
    at Object.scheduleRefresh (http://localhost:4455/_next/static/chunks/41356_next_dist_compiled_react-dom_fff4b597._.js:299:13)
    at http://localhost:4455/_next/static/chunks/41356_next_dist_compiled_31ee47d2._.js:391:33
    at Set.forEach (<anonymous>)
    at Object.performReactRefresh (http://localhost:4455/_next/static/chunks/41356_next_dist_compiled_31ee47d2._.js:384:38)
    at applyUpdate (http://localhost:4455/_next/static/chunks/41356_next_dist_compiled_31ee47d2._.js:878:31)
    at http://localhost:4455/_next/static/chunks/41356_next_dist_compiled_31ee47d2._.js:886:13 @ http://localhost:4455/_next/static/chunks/41356_next_dist_bdce7b59._.js:3127
[ 1581526ms] [ERROR] WebSocket connection to 'ws://localhost:4455/_next/webpack-hmr?id=tSGV_uEjqV-dLNUNTDB-N' failed: Error in connection establishment: net::ERR_CONNECTION_REFUSED @ http://localhost:4455/_next/static/chunks/41356_next_dist_client_183710ad._.js:10878
[ 1582528ms] [ERROR] WebSocket connection to 'ws://localhost:4455/_next/webpack-hmr?id=tSGV_uEjqV-dLNUNTDB-N' failed: Error in connection establishment: net::ERR_CONNECTION_REFUSED @ http://localhost:4455/_next/static/chunks/41356_next_dist_client_183710ad._.js:10878
[ 1583530ms] [ERROR] WebSocket connection to 'ws://localhost:4455/_next/webpack-hmr?id=tSGV_uEjqV-dLNUNTDB-N' failed: Error in connection establishment: net::ERR_CONNECTION_REFUSED @ http://localhost:4455/_next/static/chunks/41356_next_dist_client_183710ad._.js:10878
[ 1584532ms] [ERROR] WebSocket connection to 'ws://localhost:4455/_next/webpack-hmr?id=tSGV_uEjqV-dLNUNTDB-N' failed: Error in connection establishment: net::ERR_CONNECTION_REFUSED @ http://localhost:4455/_next/static/chunks/41356_next_dist_client_183710ad._.js:10878
[ 1585534ms] [ERROR] WebSocket connection to 'ws://localhost:4455/_next/webpack-hmr?id=tSGV_uEjqV-dLNUNTDB-N' failed: Error in connection establishment: net::ERR_CONNECTION_REFUSED @ http://localhost:4455/_next/static/chunks/41356_next_dist_client_183710ad._.js:10878
[ 1590539ms] [ERROR] WebSocket connection to 'ws://localhost:4455/_next/webpack-hmr?id=tSGV_uEjqV-dLNUNTDB-N' failed: Error in connection establishment: net::ERR_CONNECTION_REFUSED @ http://localhost:4455/_next/static/chunks/41356_next_dist_client_183710ad._.js:10878
[ 1595550ms] [ERROR] WebSocket connection to 'ws://localhost:4455/_next/webpack-hmr?id=tSGV_uEjqV-dLNUNTDB-N' failed: Error in connection establishment: net::ERR_CONNECTION_REFUSED @ http://localhost:4455/_next/static/chunks/41356_next_dist_client_183710ad._.js:10878
[ 1600569ms] [ERROR] WebSocket connection to 'ws://localhost:4455/_next/webpack-hmr?id=tSGV_uEjqV-dLNUNTDB-N' failed: Error in connection establishment: net::ERR_CONNECTION_REFUSED @ http://localhost:4455/_next/static/chunks/41356_next_dist_client_183710ad._.js:10878
[ 1605591ms] [ERROR] WebSocket connection to 'ws://localhost:4455/_next/webpack-hmr?id=tSGV_uEjqV-dLNUNTDB-N' failed: Error in connection establishment: net::ERR_CONNECTION_REFUSED @ http://localhost:4455/_next/static/chunks/41356_next_dist_client_183710ad._.js:10878
[ 1610620ms] [ERROR] WebSocket connection to 'ws://localhost:4455/_next/webpack-hmr?id=tSGV_uEjqV-dLNUNTDB-N' failed: Error in connection establishment: net::ERR_CONNECTION_REFUSED @ http://localhost:4455/_next/static/chunks/41356_next_dist_client_183710ad._.js:10878
[ 1615692ms] [ERROR] WebSocket connection to 'ws://localhost:4455/_next/webpack-hmr?id=tSGV_uEjqV-dLNUNTDB-N' failed: Error in connection establishment: net::ERR_CONNECTION_REFUSED @ http://localhost:4455/_next/static/chunks/41356_next_dist_client_183710ad._.js:10878
[ 1620995ms] [ERROR] WebSocket connection to 'ws://localhost:4455/_next/webpack-hmr?id=tSGV_uEjqV-dLNUNTDB-N' failed: Error in connection establishment: net::ERR_CONNECTION_REFUSED @ http://localhost:4455/_next/static/chunks/41356_next_dist_client_183710ad._.js:10878
[ 1719903ms] [WARNING] Image with src "/logo.png" has either width or height modified, but not the other. If you use CSS to change the size of your image, also include the styles 'width: "auto"' or 'height: "auto"' to maintain the aspect ratio. @ http://localhost:4455/_next/static/chunks/41356_next_dist_bdce7b59._.js:2297
