[     638ms] [ERROR] IntlError: MISSING_MESSAGE: Could not resolve `Auth.continueWithGoogle` in messages for locale `en`.
    at getFallbackFromErrorAndNotify (http://localhost:4455/_next/static/chunks/41356_0dbf6040._.js:4794:23)
    at translateBaseFn (http://localhost:4455/_next/static/chunks/41356_0dbf6040._.js:4824:28)
    at translateFn (http://localhost:4455/_next/static/chunks/41356_0dbf6040._.js:4886:24)
    at LoginPage (http://localhost:4455/_next/static/chunks/Documents_Test_AI_AI-Resume-Builder_frontend_41c8dd11._.js:2460:41)
    at Object.react_stack_bottom_frame (http://localhost:4455/_next/static/chunks/41356_next_dist_compiled_react-dom_fff4b597._.js:14826:24)
    at renderWithHooks (http://localhost:4455/_next/static/chunks/41356_next_dist_compiled_react-dom_fff4b597._.js:4651:24)
    at updateFunctionComponent (http://localhost:4455/_next/static/chunks/41356_next_dist_compiled_react-dom_fff4b597._.js:6112:21)
    at beginWork (http://localhost:4455/_next/static/chunks/41356_next_dist_compiled_react-dom_fff4b597._.js:6708:24)
    at runWithFiberInDEV (http://localhost:4455/_next/static/chunks/41356_next_dist_compiled_react-dom_fff4b597._.js:965:74)
    at performUnitOfWork (http://localhost:4455/_next/static/chunks/41356_next_dist_compiled_react-dom_fff4b597._.js:9562:97)
    at workLoopConcurrentByScheduler (http://localhost:4455/_next/static/chunks/41356_next_dist_compiled_react-dom_fff4b597._.js:9558:58)
    at renderRootConcurrent (http://localhost:4455/_next/static/chunks/41356_next_dist_compiled_react-dom_fff4b597._.js:9541:71)
    at performWorkOnRoot (http://localhost:4455/_next/static/chunks/41356_next_dist_compiled_react-dom_fff4b597._.js:9068:150)
    at performWorkOnRootViaSchedulerTask (http://localhost:4455/_next/static/chunks/41356_next_dist_compiled_react-dom_fff4b597._.js:10230:9)
    at MessagePort.performWorkUntilDeadline (http://localhost:4455/_next/static/chunks/41356_next_dist_compiled_31ee47d2._.js:2647:64) @ http://localhost:4455/_next/static/chunks/41356_next_dist_bdce7b59._.js:3127
[     643ms] [ERROR] IntlError: MISSING_MESSAGE: Could not resolve `Auth.continueWithGitHub` in messages for locale `en`.
    at getFallbackFromErrorAndNotify (http://localhost:4455/_next/static/chunks/41356_0dbf6040._.js:4794:23)
    at translateBaseFn (http://localhost:4455/_next/static/chunks/41356_0dbf6040._.js:4824:28)
    at translateFn (http://localhost:4455/_next/static/chunks/41356_0dbf6040._.js:4886:24)
    at LoginPage (http://localhost:4455/_next/static/chunks/Documents_Test_AI_AI-Resume-Builder_frontend_41c8dd11._.js:2478:41)
    at Object.react_stack_bottom_frame (http://localhost:4455/_next/static/chunks/41356_next_dist_compiled_react-dom_fff4b597._.js:14826:24)
    at renderWithHooks (http://localhost:4455/_next/static/chunks/41356_next_dist_compiled_react-dom_fff4b597._.js:4651:24)
    at updateFunctionComponent (http://localhost:4455/_next/static/chunks/41356_next_dist_compiled_react-dom_fff4b597._.js:6112:21)
    at beginWork (http://localhost:4455/_next/static/chunks/41356_next_dist_compiled_react-dom_fff4b597._.js:6708:24)
    at runWithFiberInDEV (http://localhost:4455/_next/static/chunks/41356_next_dist_compiled_react-dom_fff4b597._.js:965:74)
    at performUnitOfWork (http://localhost:4455/_next/static/chunks/41356_next_dist_compiled_react-dom_fff4b597._.js:9562:97)
    at workLoopConcurrentByScheduler (http://localhost:4455/_next/static/chunks/41356_next_dist_compiled_react-dom_fff4b597._.js:9558:58)
    at renderRootConcurrent (http://localhost:4455/_next/static/chunks/41356_next_dist_compiled_react-dom_fff4b597._.js:9541:71)
    at performWorkOnRoot (http://localhost:4455/_next/static/chunks/41356_next_dist_compiled_react-dom_fff4b597._.js:9068:150)
    at performWorkOnRootViaSchedulerTask (http://localhost:4455/_next/static/chunks/41356_next_dist_compiled_react-dom_fff4b597._.js:10230:9)
    at MessagePort.performWorkUntilDeadline (http://localhost:4455/_next/static/chunks/41356_next_dist_compiled_31ee47d2._.js:2647:64) @ http://localhost:4455/_next/static/chunks/41356_next_dist_bdce7b59._.js:3127
[     643ms] [ERROR] IntlError: MISSING_MESSAGE: Could not resolve `Auth.continueWithLinkedIn` in messages for locale `en`.
    at getFallbackFromErrorAndNotify (http://localhost:4455/_next/static/chunks/41356_0dbf6040._.js:4794:23)
    at translateBaseFn (http://localhost:4455/_next/static/chunks/41356_0dbf6040._.js:4824:28)
    at translateFn (http://localhost:4455/_next/static/chunks/41356_0dbf6040._.js:4886:24)
    at LoginPage (http://localhost:4455/_next/static/chunks/Documents_Test_AI_AI-Resume-Builder_frontend_41c8dd11._.js:2496:41)
    at Object.react_stack_bottom_frame (http://localhost:4455/_next/static/chunks/41356_next_dist_compiled_react-dom_fff4b597._.js:14826:24)
    at renderWithHooks (http://localhost:4455/_next/static/chunks/41356_next_dist_compiled_react-dom_fff4b597._.js:4651:24)
    at updateFunctionComponent (http://localhost:4455/_next/static/chunks/41356_next_dist_compiled_react-dom_fff4b597._.js:6112:21)
    at beginWork (http://localhost:4455/_next/static/chunks/41356_next_dist_compiled_react-dom_fff4b597._.js:6708:24)
    at runWithFiberInDEV (http://localhost:4455/_next/static/chunks/41356_next_dist_compiled_react-dom_fff4b597._.js:965:74)
    at performUnitOfWork (http://localhost:4455/_next/static/chunks/41356_next_dist_compiled_react-dom_fff4b597._.js:9562:97)
    at workLoopConcurrentByScheduler (http://localhost:4455/_next/static/chunks/41356_next_dist_compiled_react-dom_fff4b597._.js:9558:58)
    at renderRootConcurrent (http://localhost:4455/_next/static/chunks/41356_next_dist_compiled_react-dom_fff4b597._.js:9541:71)
    at performWorkOnRoot (http://localhost:4455/_next/static/chunks/41356_next_dist_compiled_react-dom_fff4b597._.js:9068:150)
    at performWorkOnRootViaSchedulerTask (http://localhost:4455/_next/static/chunks/41356_next_dist_compiled_react-dom_fff4b597._.js:10230:9)
    at MessagePort.performWorkUntilDeadline (http://localhost:4455/_next/static/chunks/41356_next_dist_compiled_31ee47d2._.js:2647:64) @ http://localhost:4455/_next/static/chunks/41356_next_dist_bdce7b59._.js:3127
[     644ms] [ERROR] IntlError: MISSING_MESSAGE: Could not resolve `Auth.orContinueWith` in messages for locale `en`.
    at getFallbackFromErrorAndNotify (http://localhost:4455/_next/static/chunks/41356_0dbf6040._.js:4794:23)
    at translateBaseFn (http://localhost:4455/_next/static/chunks/41356_0dbf6040._.js:4824:28)
    at translateFn (http://localhost:4455/_next/static/chunks/41356_0dbf6040._.js:4886:24)
    at LoginPage (http://localhost:4455/_next/static/chunks/Documents_Test_AI_AI-Resume-Builder_frontend_41c8dd11._.js:2530:51)
    at Object.react_stack_bottom_frame (http://localhost:4455/_next/static/chunks/41356_next_dist_compiled_react-dom_fff4b597._.js:14826:24)
    at renderWithHooks (http://localhost:4455/_next/static/chunks/41356_next_dist_compiled_react-dom_fff4b597._.js:4651:24)
    at updateFunctionComponent (http://localhost:4455/_next/static/chunks/41356_next_dist_compiled_react-dom_fff4b597._.js:6112:21)
    at beginWork (http://localhost:4455/_next/static/chunks/41356_next_dist_compiled_react-dom_fff4b597._.js:6708:24)
    at runWithFiberInDEV (http://localhost:4455/_next/static/chunks/41356_next_dist_compiled_react-dom_fff4b597._.js:965:74)
    at performUnitOfWork (http://localhost:4455/_next/static/chunks/41356_next_dist_compiled_react-dom_fff4b597._.js:9562:97)
    at workLoopConcurrentByScheduler (http://localhost:4455/_next/static/chunks/41356_next_dist_compiled_react-dom_fff4b597._.js:9558:58)
    at renderRootConcurrent (http://localhost:4455/_next/static/chunks/41356_next_dist_compiled_react-dom_fff4b597._.js:9541:71)
    at performWorkOnRoot (http://localhost:4455/_next/static/chunks/41356_next_dist_compiled_react-dom_fff4b597._.js:9068:150)
    at performWorkOnRootViaSchedulerTask (http://localhost:4455/_next/static/chunks/41356_next_dist_compiled_react-dom_fff4b597._.js:10230:9)
    at MessagePort.performWorkUntilDeadline (http://localhost:4455/_next/static/chunks/41356_next_dist_compiled_31ee47d2._.js:2647:64) @ http://localhost:4455/_next/static/chunks/41356_next_dist_bdce7b59._.js:3127
[     644ms] [ERROR] IntlError: MISSING_MESSAGE: Could not resolve `Auth.continueWithGoogle` in messages for locale `en`.
    at getFallbackFromErrorAndNotify (http://localhost:4455/_next/static/chunks/41356_0dbf6040._.js:4794:23)
    at translateBaseFn (http://localhost:4455/_next/static/chunks/41356_0dbf6040._.js:4824:28)
    at translateFn (http://localhost:4455/_next/static/chunks/41356_0dbf6040._.js:4886:24)
    at LoginPage (http://localhost:4455/_next/static/chunks/Documents_Test_AI_AI-Resume-Builder_frontend_41c8dd11._.js:2460:41)
    at Object.react_stack_bottom_frame (http://localhost:4455/_next/static/chunks/41356_next_dist_compiled_react-dom_fff4b597._.js:14826:24)
    at renderWithHooksAgain (http://localhost:4455/_next/static/chunks/41356_next_dist_compiled_react-dom_fff4b597._.js:4706:24)
    at renderWithHooks (http://localhost:4455/_next/static/chunks/41356_next_dist_compiled_react-dom_fff4b597._.js:4657:28)
    at updateFunctionComponent (http://localhost:4455/_next/static/chunks/41356_next_dist_compiled_react-dom_fff4b597._.js:6112:21)
    at beginWork (http://localhost:4455/_next/static/chunks/41356_next_dist_compiled_react-dom_fff4b597._.js:6708:24)
    at runWithFiberInDEV (http://localhost:4455/_next/static/chunks/41356_next_dist_compiled_react-dom_fff4b597._.js:965:74)
    at performUnitOfWork (http://localhost:4455/_next/static/chunks/41356_next_dist_compiled_react-dom_fff4b597._.js:9562:97)
    at workLoopConcurrentByScheduler (http://localhost:4455/_next/static/chunks/41356_next_dist_compiled_react-dom_fff4b597._.js:9558:58)
    at renderRootConcurrent (http://localhost:4455/_next/static/chunks/41356_next_dist_compiled_react-dom_fff4b597._.js:9541:71)
    at performWorkOnRoot (http://localhost:4455/_next/static/chunks/41356_next_dist_compiled_react-dom_fff4b597._.js:9068:150)
    at performWorkOnRootViaSchedulerTask (http://localhost:4455/_next/static/chunks/41356_next_dist_compiled_react-dom_fff4b597._.js:10230:9)
    at MessagePort.performWorkUntilDeadline (http://localhost:4455/_next/static/chunks/41356_next_dist_compiled_31ee47d2._.js:2647:64) @ http://localhost:4455/_next/static/chunks/41356_next_dist_bdce7b59._.js:3127
[     645ms] [ERROR] IntlError: MISSING_MESSAGE: Could not resolve `Auth.continueWithGitHub` in messages for locale `en`.
    at getFallbackFromErrorAndNotify (http://localhost:4455/_next/static/chunks/41356_0dbf6040._.js:4794:23)
    at translateBaseFn (http://localhost:4455/_next/static/chunks/41356_0dbf6040._.js:4824:28)
    at translateFn (http://localhost:4455/_next/static/chunks/41356_0dbf6040._.js:4886:24)
    at LoginPage (http://localhost:4455/_next/static/chunks/Documents_Test_AI_AI-Resume-Builder_frontend_41c8dd11._.js:2478:41)
    at Object.react_stack_bottom_frame (http://localhost:4455/_next/static/chunks/41356_next_dist_compiled_react-dom_fff4b597._.js:14826:24)
    at renderWithHooksAgain (http://localhost:4455/_next/static/chunks/41356_next_dist_compiled_react-dom_fff4b597._.js:4706:24)
    at renderWithHooks (http://localhost:4455/_next/static/chunks/41356_next_dist_compiled_react-dom_fff4b597._.js:4657:28)
    at updateFunctionComponent (http://localhost:4455/_next/static/chunks/41356_next_dist_compiled_react-dom_fff4b597._.js:6112:21)
    at beginWork (http://localhost:4455/_next/static/chunks/41356_next_dist_compiled_react-dom_fff4b597._.js:6708:24)
    at runWithFiberInDEV (http://localhost:4455/_next/static/chunks/41356_next_dist_compiled_react-dom_fff4b597._.js:965:74)
    at performUnitOfWork (http://localhost:4455/_next/static/chunks/41356_next_dist_compiled_react-dom_fff4b597._.js:9562:97)
    at workLoopConcurrentByScheduler (http://localhost:4455/_next/static/chunks/41356_next_dist_compiled_react-dom_fff4b597._.js:9558:58)
    at renderRootConcurrent (http://localhost:4455/_next/static/chunks/41356_next_dist_compiled_react-dom_fff4b597._.js:9541:71)
    at performWorkOnRoot (http://localhost:4455/_next/static/chunks/41356_next_dist_compiled_react-dom_fff4b597._.js:9068:150)
    at performWorkOnRootViaSchedulerTask (http://localhost:4455/_next/static/chunks/41356_next_dist_compiled_react-dom_fff4b597._.js:10230:9)
    at MessagePort.performWorkUntilDeadline (http://localhost:4455/_next/static/chunks/41356_next_dist_compiled_31ee47d2._.js:2647:64) @ http://localhost:4455/_next/static/chunks/41356_next_dist_bdce7b59._.js:3127
[     646ms] [ERROR] IntlError: MISSING_MESSAGE: Could not resolve `Auth.continueWithLinkedIn` in messages for locale `en`.
    at getFallbackFromErrorAndNotify (http://localhost:4455/_next/static/chunks/41356_0dbf6040._.js:4794:23)
    at translateBaseFn (http://localhost:4455/_next/static/chunks/41356_0dbf6040._.js:4824:28)
    at translateFn (http://localhost:4455/_next/static/chunks/41356_0dbf6040._.js:4886:24)
    at LoginPage (http://localhost:4455/_next/static/chunks/Documents_Test_AI_AI-Resume-Builder_frontend_41c8dd11._.js:2496:41)
    at Object.react_stack_bottom_frame (http://localhost:4455/_next/static/chunks/41356_next_dist_compiled_react-dom_fff4b597._.js:14826:24)
    at renderWithHooksAgain (http://localhost:4455/_next/static/chunks/41356_next_dist_compiled_react-dom_fff4b597._.js:4706:24)
    at renderWithHooks (http://localhost:4455/_next/static/chunks/41356_next_dist_compiled_react-dom_fff4b597._.js:4657:28)
    at updateFunctionComponent (http://localhost:4455/_next/static/chunks/41356_next_dist_compiled_react-dom_fff4b597._.js:6112:21)
    at beginWork (http://localhost:4455/_next/static/chunks/41356_next_dist_compiled_react-dom_fff4b597._.js:6708:24)
    at runWithFiberInDEV (http://localhost:4455/_next/static/chunks/41356_next_dist_compiled_react-dom_fff4b597._.js:965:74)
    at performUnitOfWork (http://localhost:4455/_next/static/chunks/41356_next_dist_compiled_react-dom_fff4b597._.js:9562:97)
    at workLoopConcurrentByScheduler (http://localhost:4455/_next/static/chunks/41356_next_dist_compiled_react-dom_fff4b597._.js:9558:58)
    at renderRootConcurrent (http://localhost:4455/_next/static/chunks/41356_next_dist_compiled_react-dom_fff4b597._.js:9541:71)
    at performWorkOnRoot (http://localhost:4455/_next/static/chunks/41356_next_dist_compiled_react-dom_fff4b597._.js:9068:150)
    at performWorkOnRootViaSchedulerTask (http://localhost:4455/_next/static/chunks/41356_next_dist_compiled_react-dom_fff4b597._.js:10230:9)
    at MessagePort.performWorkUntilDeadline (http://localhost:4455/_next/static/chunks/41356_next_dist_compiled_31ee47d2._.js:2647:64) @ http://localhost:4455/_next/static/chunks/41356_next_dist_bdce7b59._.js:3127
[     646ms] [ERROR] IntlError: MISSING_MESSAGE: Could not resolve `Auth.orContinueWith` in messages for locale `en`.
    at getFallbackFromErrorAndNotify (http://localhost:4455/_next/static/chunks/41356_0dbf6040._.js:4794:23)
    at translateBaseFn (http://localhost:4455/_next/static/chunks/41356_0dbf6040._.js:4824:28)
    at translateFn (http://localhost:4455/_next/static/chunks/41356_0dbf6040._.js:4886:24)
    at LoginPage (http://localhost:4455/_next/static/chunks/Documents_Test_AI_AI-Resume-Builder_frontend_41c8dd11._.js:2530:51)
    at Object.react_stack_bottom_frame (http://localhost:4455/_next/static/chunks/41356_next_dist_compiled_react-dom_fff4b597._.js:14826:24)
    at renderWithHooksAgain (http://localhost:4455/_next/static/chunks/41356_next_dist_compiled_react-dom_fff4b597._.js:4706:24)
    at renderWithHooks (http://localhost:4455/_next/static/chunks/41356_next_dist_compiled_react-dom_fff4b597._.js:4657:28)
    at updateFunctionComponent (http://localhost:4455/_next/static/chunks/41356_next_dist_compiled_react-dom_fff4b597._.js:6112:21)
    at beginWork (http://localhost:4455/_next/static/chunks/41356_next_dist_compiled_react-dom_fff4b597._.js:6708:24)
    at runWithFiberInDEV (http://localhost:4455/_next/static/chunks/41356_next_dist_compiled_react-dom_fff4b597._.js:965:74)
    at performUnitOfWork (http://localhost:4455/_next/static/chunks/41356_next_dist_compiled_react-dom_fff4b597._.js:9562:97)
    at workLoopConcurrentByScheduler (http://localhost:4455/_next/static/chunks/41356_next_dist_compiled_react-dom_fff4b597._.js:9558:58)
    at renderRootConcurrent (http://localhost:4455/_next/static/chunks/41356_next_dist_compiled_react-dom_fff4b597._.js:9541:71)
    at performWorkOnRoot (http://localhost:4455/_next/static/chunks/41356_next_dist_compiled_react-dom_fff4b597._.js:9068:150)
    at performWorkOnRootViaSchedulerTask (http://localhost:4455/_next/static/chunks/41356_next_dist_compiled_react-dom_fff4b597._.js:10230:9)
    at MessagePort.performWorkUntilDeadline (http://localhost:4455/_next/static/chunks/41356_next_dist_compiled_31ee47d2._.js:2647:64) @ http://localhost:4455/_next/static/chunks/41356_next_dist_bdce7b59._.js:3127
[   41048ms] [WARNING] %c%s%c ⚠ metadataBase property in metadata export is not set for resolving social open graph or twitter images, using "http://localhost:4455". See https://nextjs.org/docs/app/api-reference/functions/generate-metadata#metadatabase background: #e6e6e6;background: light-dark(rgba(0,0,0,0.1), rgba(255,255,255,0.25));color: #000000;color: light-dark(#000000, #ffffff);border-radius: 2px  Server   @ http://localhost:4455/_next/static/chunks/41356_next_dist_bdce7b59._.js:2297
